============================= test session starts =============================
platform win32 -- Python 3.14.3, pytest-9.0.2, pluggy-1.6.0
rootdir: C:\Users\ozkan\cv-analyzer
configfile: pytest.ini
plugins: anyio-4.12.1
collected 65 items

tests\test_api.py ....F

================================== FAILURES ===================================
_________________________ test_history_with_good_key __________________________

client = <starlette.testclient.TestClient object at 0x00000229CEAAAC40>

    def test_history_with_good_key(client):
        headers = {"x-api-key": os.environ.get("API_KEY")}
>       resp = client.get("/api/v1/history", headers=headers)
               ^^^^^^^^^^^^^^^^^^^^^^^^^^^^^^^^^^^^^^^^^^^^^^

tests\test_api.py:43: 
_ _ _ _ _ _ _ _ _ _ _ _ _ _ _ _ _ _ _ _ _ _ _ _ _ _ _ _ _ _ _ _ _ _ _ _ _ _ _ _
..\AppData\Local\Python\pythoncore-3.14-64\Lib\site-packages\starlette\testclient.py:473: in get
    return super().get(
..\AppData\Local\Python\pythoncore-3.14-64\Lib\site-packages\httpx\_client.py:1053: in get
    return self.request(
..\AppData\Local\Python\pythoncore-3.14-64\Lib\site-packages\starlette\testclient.py:445: in request
    return super().request(
..\AppData\Local\Python\pythoncore-3.14-64\Lib\site-packages\httpx\_client.py:812: in request
    request = self.build_request(
..\AppData\Local\Python\pythoncore-3.14-64\Lib\site-packages\httpx\_client.py:367: in build_request
    headers = self._merge_headers(headers)
              ^^^^^^^^^^^^^^^^^^^^^^^^^^^^
..\AppData\Local\Python\pythoncore-3.14-64\Lib\site-packages\httpx\_client.py:430: in _merge_headers
    merged_headers.update(headers)
..\AppData\Local\Python\pythoncore-3.14-64\Lib\site-packages\httpx\_models.py:275: in update
    headers = Headers(headers)
              ^^^^^^^^^^^^^^^^
..\AppData\Local\Python\pythoncore-3.14-64\Lib\site-packages\httpx\_models.py:156: in __init__
    bytes_value = _normalize_header_value(v, encoding)
                  ^^^^^^^^^^^^^^^^^^^^^^^^^^^^^^^^^^^^
_ _ _ _ _ _ _ _ _ _ _ _ _ _ _ _ _ _ _ _ _ _ _ _ _ _ _ _ _ _ _ _ _ _ _ _ _ _ _ _

value = None, encoding = None

    def _normalize_header_value(value: str | bytes, encoding: str | None = None) -> bytes:
        """
        Coerce str/bytes into a strictly byte-wise HTTP header value.
        """
        if isinstance(value, bytes):
            return value
        if not isinstance(value, str):
>           raise TypeError(f"Header value must be str or bytes, not {type(value)}")
E           TypeError: Header value must be str or bytes, not <class 'NoneType'>

..\AppData\Local\Python\pythoncore-3.14-64\Lib\site-packages\httpx\_models.py:81: TypeError
---------------------------- Captured stderr setup ----------------------------
INFO  [alembic.runtime.migration] Context impl PostgresqlImpl.
INFO  [alembic.runtime.migration] Will assume transactional DDL.
-------------------------- Captured stderr teardown ---------------------------
Process Process-5:

Traceback (most recent call last):

  File "C:\Users\ozkan\cv-analyzer\services\model_worker.py", line 32, in _worker_loop

    logger.bind(event="model_loaded", type="joblib", path=model_path).info(json.dumps({"event": "model_loaded", "type": "joblib", "path": model_path}))

    ^^^^^^^^^^^

AttributeError: 'Logger' object has no attribute 'bind'



During handling of the above exception, another exception occurred:



Traceback (most recent call last):

  File "C:\Users\ozkan\AppData\Local\Python\pythoncore-3.14-64\Lib\multiprocessing\process.py", line 320, in _bootstrap

    self.run()

    ~~~~~~~~^^

  File "C:\Users\ozkan\AppData\Local\Python\pythoncore-3.14-64\Lib\multiprocessing\process.py", line 108, in run

    self._target(*self._args, **self._kwargs)

    ~~~~~~~~~~~~^^^^^^^^^^^^^^^^^^^^^^^^^^^^^

  File "C:\Users\ozkan\cv-analyzer\services\model_worker.py", line 34, in _worker_loop

    logger.bind(event="model_load_fail").exception(json.dumps({"event": "model_load_fail", "error": str(e)}))

    ^^^^^^^^^^^

AttributeError: 'Logger' object has no attribute 'bind'

=========================== short test summary info ===========================
FAILED tests/test_api.py::test_history_with_good_key - TypeError: Header valu...
!!!!!!!!!!!!!!!!!!!!!!!!!! stopping after 1 failures !!!!!!!!!!!!!!!!!!!!!!!!!!
======================== 1 failed, 4 passed in 19.24s =========================
